<html>
<body>
<pre>
<h1>µVision Build Log</h1>
<h2>Tool Versions:</h2>
IDE-Version: ¦ÌVision V5.21.1.0
Copyright (C) 2016 ARM Ltd and ARM Germany GmbH. All rights reserved.
License Information: marco dell, marco, LIC=32BKP-MRJA2-Z70RU-SN6DK-CCLL0-99JNN
 
Tool Versions:
Toolchain:       MDK-ARM Plus  Version: 5.21a
Toolchain Path:  d:\Keil_v5\ARM\ARMCC\Bin
C Compiler:      Armcc.exe V5.06 update 3 (build 300)
Assembler:       Armasm.exe V5.06 update 3 (build 300)
Linker/Locator:  ArmLink.exe V5.06 update 3 (build 300)
Library Manager: ArmAr.exe V5.06 update 3 (build 300)
Hex Converter:   FromElf.exe V5.06 update 3 (build 300)
CPU DLL:         SARMCM3.DLL V5.21a
Dialog DLL:      DCM.DLL V1.13.8.0
Target DLL:      UL2CM3.DLL V1.158.5.0
Dialog DLL:      TCM.DLL V1.14.14.0
 
<h2>Project:</h2>
F:\test2\lesson_19\tinyOS.uvprojx
Project File Date:  09/17/2017

<h2>Output:</h2>
*** Using Compiler 'V5.06 update 3 (build 300)', folder: 'd:\Keil_v5\ARM\ARMCC\Bin'
Build target 'Target 1'
compiling tList.c...
Source\tList.c(21): warning:  #550-D: variable "i" was set but never used
  	int i;
Source\tList.c(35): warning:  #177-D: variable "node1" was declared but never referenced
  	tNode * node1 = (tNode *)0;
Source\tList.c: 2 warnings, 0 errors
linking...
Program Size: Code=1848 RO-data=480 RW-data=36 ZI-data=21116  
".\Objects\tinyOS.axf" - 0 Error(s), 2 Warning(s).

<h2>Software Packages used:</h2>

Package Vendor: ARM
                http://www.keil.com/pack/ARM.CMSIS.5.0.0.pack
                ARM::Device:Startup:1.0.1
                CMSIS (Cortex Microcontroller Software Interface Standard)
   * Component: Startup Version: 1.0.1
   * Component: CORE Version: 5.0.0

<h2>Collection of Component include folders:</h2>
  F:\test2\lesson_19\RTE
  d:\Keil_v5\ARM\PACK\ARM\CMSIS\5.0.0\CMSIS\Include
  d:\Keil_v5\ARM\PACK\ARM\CMSIS\5.0.0\Device\ARM\ARMCM3\Include

<h2>Collection of Component Files used:</h2>

   * Component: ARM::Device:Startup:1.0.1
      Source file:   Device\ARM\ARMCM3\Source\system_ARMCM3.c
      Source file:   Device\ARM\ARMCM3\Source\ARM\startup_ARMCM3.s
      Include file:  Device\ARM\ARMCM3\Include\ARMCM3.h

   * Component: ARM::CMSIS:CORE:5.0.0
Build Time Elapsed:  00:00:00
</pre>
</body>
</html>
